test_interface_mismatch (test_contracts.ContractTests.test_interface_mismatch) ... ok
test_unavailable_node (test_contracts.ContractTests.test_unavailable_node) ... ok
test_handler_failure_is_isolated (test_delivery.DeliveryTests.test_handler_failure_is_isolated) ... ok
test_boolean_sequence_is_rejected (test_event_ownership.EventOwnershipTests.test_boolean_sequence_is_rejected) ... ok
test_caller_cannot_rewrite_accepted_nested_payload (test_event_ownership.EventOwnershipTests.test_caller_cannot_rewrite_accepted_nested_payload) ... ok
test_captured_payload_is_detached_from_live_bus (test_event_ownership.EventOwnershipTests.test_captured_payload_is_detached_from_live_bus) ... ok
test_delivered_event_cannot_rewrite_accepted_history (test_event_ownership.EventOwnershipTests.test_delivered_event_cannot_rewrite_accepted_history) ... ok
test_duplicate_registration_preserves_unavailable_state (test_event_ownership.EventOwnershipTests.test_duplicate_registration_preserves_unavailable_state) ... ok
test_gap_is_rejected (test_ordering.OrderingTests.test_gap_is_rejected) ... ok
test_order_and_duplicate (test_ordering.OrderingTests.test_order_and_duplicate) ... ok
test_limit_and_order (test_queue.QueueTests.test_limit_and_order) ... ok
test_historical_rebuild_keeps_accepted_order (test_replay.ReplayTests.test_historical_rebuild_keeps_accepted_order) ... ok
test_non_json_event_payload_is_rejected (test_replay.ReplayTests.test_non_json_event_payload_is_rejected) ... ok
test_rehashed_pending_reorder_is_rejected (test_replay.ReplayTests.test_rehashed_pending_reorder_is_rejected) ... ok
test_restart_restores_only_events_still_pending (test_replay.ReplayTests.test_restart_restores_only_events_still_pending) ... ok
test_snapshot_hash_tamper_is_rejected (test_replay.ReplayTests.test_snapshot_hash_tamper_is_rejected) ... ok
test_capability_lookup_and_route_are_stable (test_routing.RoutingTests.test_capability_lookup_and_route_are_stable) ... ok

----------------------------------------------------------------------
Ran 17 tests in 0.004s

OK
